
> frontend@0.1.0 build
> next build

▲ Next.js 16.1.6 (Turbopack)
- Environments: .env.local

  Creating an optimized production build ...
✓ Compiled successfully in 19.5s
  Running TypeScript ...
Failed to compile.

./app/[locale]/(user)/user-terminal/components/GameCanvas.tsx:211:81
Type error: Argument of type 'import("H:/travail/EcoRWA Tycoon/frontend/app/[locale]/(user)/user-terminal/engine/types").RoadType' is not assignable to parameter of type 'RoadData'.

[0m [90m 209 |[39m
 [90m 210 |[39m                 [36mif[39m (mode [33m===[39m [32m'BUILD_ROAD'[39m [33m&&[39m isValidBuildRef[33m.[39mcurrent) {
[31m[1m>[22m[39m[90m 211 |[39m                     previewPathRef[33m.[39mcurrent[33m.[39mforEach(idx [33m=>[39m engine[33m.[39mplaceRoad(idx[33m,[39m selectedRoadTypeRef[33m.[39mcurrent))[33m;[39m
 [90m     |[39m                                                                                 [31m[1m^[22m[39m
 [90m 212 |[39m                 } [36melse[39m [36mif[39m (mode [33m===[39m [32m'ZONE'[39m) {
 [90m 213 |[39m                     previewPathRef[33m.[39mcurrent[33m.[39mforEach(idx [33m=>[39m engine[33m.[39msetZone(idx[33m,[39m selectedZoneTypeRef[33m.[39mcurrent))[33m;[39m
 [90m 214 |[39m                 } [36melse[39m [36mif[39m (mode [33m===[39m [32m'BULLDOZER'[39m) {[0m
Next.js build worker exited with code: 1 and signal: null
